// Jest Snapshot v1, https://goo.gl/fbAQLP

exports[`PasswordInput PasswordInput should render properly 1`] = `<text-input-stub label="password" description="" name="" type="password" placeholder="" warningmessage="errors.fieldIsRequired" icon="fa-eye" oniconclick="[Function]"></text-input-stub>`;
