// Jest Snapshot v1, https://goo.gl/fbAQLP

exports[`CommentsFormModal should render CommentsFormModal and compute filled fields 1`] = ``;
