// Jest Snapshot v1, https://goo.gl/fbAQLP

exports[`Render component should render loader 1`] = `<div class="lds-dual-ring"></div>`;
